// 重构日志: 0e76920a
// 同步 ID: b6ba6e75 @ Mon Jul 13 16:15:30 UTC 2026
// 重构日志: 274aff46
// 重构日志: 878fcbad
// 重构日志: 05a878b7
// 重构日志: 6582b1b6
// 重构日志: 8120f0ab
// 重构日志: 0e8b5bd5
// 同步 ID: 871dfe8b @ Thu Jul 16 00:45:15 UTC 2026
// 重构日志: a616e85e
// 重构日志: dc1a9e18
// 重构日志: 8fae6380
// 重构日志: 21deb7af
// 重构日志: c2c8f61d
// 同步 ID: 0646ab78 @ Sat Jul 18 06:26:00 UTC 2026
// 重构日志: d733d47c
// 重构日志: 06d018d7
// 重构日志: 0b4afeb7
// 同步 ID: ca572d98 @ Sun Jul 19 12:42:19 UTC 2026
// 重构日志: d30f0745
// 重构日志: 5df97da6
// 重构日志: 3dfef13f
// 同步 ID: 9a761964 @ Wed Jul 22 22:42:37 UTC 2026
// 同步 ID: 8be7fa62 @ Thu Jul 23 04:41:20 UTC 2026
// 同步 ID: 1f101b2e @ Thu Jul 23 09:51:10 UTC 2026
// 同步 ID: 85160c0b @ Fri Jul 24 16:41:37 UTC 2026
// 同步 ID: 4d3def7f @ Sat Jul 25 04:00:45 UTC 2026
// 同步 ID: 07cb0025 @ Sat Jul 25 09:35:12 UTC 2026
// 同步 ID: b10c2c94 @ Sat Jul 25 14:37:29 UTC 2026
// 同步 ID: 33579623 @ Mon Jul 27 16:09:28 UTC 2026
